[dotenv@17.2.3] injecting env (4) from .env -- tip: ≡ƒöæ add access controls to secrets: https://dotenvx.com/ops

Running 1 test using 1 worker

≡ƒùæ∩╕Å Cleared previous iterations data (single run)
≡ƒùæ∩╕Å Cleared previous test-data.json (single run)
≡ƒù║∩╕Å Running test for state: DE (Delaware)
WB Login successful
Γ£à "Use Suggested" button clicked
ΓÅ¡∩╕Å  "Accept As-Is" button not present, skipping
ΓÅ¡∩╕Å  "Client not listed" button not present, skipping
ΓÅ¡∩╕Å  "Continue" button not present, skipping
  Γ£ÿ  1 [chromium] ΓÇ║ Create_CA.test.js:9:5 ΓÇ║ test (36.1s)


  1) [chromium] ΓÇ║ Create_CA.test.js:9:5 ΓÇ║ test ΓöÇΓöÇΓöÇΓöÇΓöÇΓöÇΓöÇΓöÇΓöÇΓöÇΓöÇΓöÇΓöÇΓöÇΓöÇΓöÇΓöÇΓöÇΓöÇΓöÇΓöÇΓöÇΓöÇΓöÇΓöÇΓöÇΓöÇΓöÇΓöÇΓöÇΓöÇΓöÇΓöÇΓöÇΓöÇΓöÇΓöÇΓöÇΓöÇΓöÇΓöÇΓöÇΓöÇΓöÇΓöÇΓöÇΓöÇΓöÇΓöÇΓöÇΓöÇΓöÇΓöÇ

    TimeoutError: locator.waitFor: Timeout 5000ms exceeded.
    Call log:
    [2m  - waiting for locator('.ui-menu.ui-widget:visible .ui-menu-item').first() to be visible[22m


      132 |     await page.waitForTimeout(500);
      133 |     const firstOption = page.locator('.ui-menu.ui-widget:visible .ui-menu-item').first();
    > 134 |     await firstOption.waitFor({ state: 'visible', timeout: 5000 });
          |                       ^
      135 |     await firstOption.click();
      136 |     await page.locator('#txtYearBusinessStarted').fill('2014');
      137 |     await page.getByRole('textbox', { name: 'Federal ID Number' }).fill(randSSN());
        at C:\Users\amitmish\Playwright Projects\WB BOP Standard workflow\Automation_Portal\Test-Automation-Portal\Create_CA.test.js:134:23

    attachment #1: screenshot (image/png) ΓöÇΓöÇΓöÇΓöÇΓöÇΓöÇΓöÇΓöÇΓöÇΓöÇΓöÇΓöÇΓöÇΓöÇΓöÇΓöÇΓöÇΓöÇΓöÇΓöÇΓöÇΓöÇΓöÇΓöÇΓöÇΓöÇΓöÇΓöÇΓöÇΓöÇΓöÇΓöÇΓöÇΓöÇΓöÇΓöÇΓöÇΓöÇΓöÇΓöÇΓöÇΓöÇΓöÇΓöÇΓöÇΓöÇΓöÇΓöÇΓöÇΓöÇΓöÇΓöÇΓöÇΓöÇΓöÇΓöÇΓöÇΓöÇ
    test-results\Create_CA-test-chromium\test-failed-1.png
    ΓöÇΓöÇΓöÇΓöÇΓöÇΓöÇΓöÇΓöÇΓöÇΓöÇΓöÇΓöÇΓöÇΓöÇΓöÇΓöÇΓöÇΓöÇΓöÇΓöÇΓöÇΓöÇΓöÇΓöÇΓöÇΓöÇΓöÇΓöÇΓöÇΓöÇΓöÇΓöÇΓöÇΓöÇΓöÇΓöÇΓöÇΓöÇΓöÇΓöÇΓöÇΓöÇΓöÇΓöÇΓöÇΓöÇΓöÇΓöÇΓöÇΓöÇΓöÇΓöÇΓöÇΓöÇΓöÇΓöÇΓöÇΓöÇΓöÇΓöÇΓöÇΓöÇΓöÇΓöÇΓöÇΓöÇΓöÇΓöÇΓöÇΓöÇΓöÇΓöÇΓöÇΓöÇΓöÇΓöÇΓöÇΓöÇΓöÇΓöÇΓöÇΓöÇΓöÇΓöÇΓöÇΓöÇΓöÇΓöÇΓöÇΓöÇΓöÇΓöÇΓöÇΓöÇΓöÇΓöÇ

    attachment #2: video (video/webm) ΓöÇΓöÇΓöÇΓöÇΓöÇΓöÇΓöÇΓöÇΓöÇΓöÇΓöÇΓöÇΓöÇΓöÇΓöÇΓöÇΓöÇΓöÇΓöÇΓöÇΓöÇΓöÇΓöÇΓöÇΓöÇΓöÇΓöÇΓöÇΓöÇΓöÇΓöÇΓöÇΓöÇΓöÇΓöÇΓöÇΓöÇΓöÇΓöÇΓöÇΓöÇΓöÇΓöÇΓöÇΓöÇΓöÇΓöÇΓöÇΓöÇΓöÇΓöÇΓöÇΓöÇΓöÇΓöÇΓöÇΓöÇΓöÇΓöÇΓöÇΓöÇΓöÇ
    test-results\Create_CA-test-chromium\video.webm
    ΓöÇΓöÇΓöÇΓöÇΓöÇΓöÇΓöÇΓöÇΓöÇΓöÇΓöÇΓöÇΓöÇΓöÇΓöÇΓöÇΓöÇΓöÇΓöÇΓöÇΓöÇΓöÇΓöÇΓöÇΓöÇΓöÇΓöÇΓöÇΓöÇΓöÇΓöÇΓöÇΓöÇΓöÇΓöÇΓöÇΓöÇΓöÇΓöÇΓöÇΓöÇΓöÇΓöÇΓöÇΓöÇΓöÇΓöÇΓöÇΓöÇΓöÇΓöÇΓöÇΓöÇΓöÇΓöÇΓöÇΓöÇΓöÇΓöÇΓöÇΓöÇΓöÇΓöÇΓöÇΓöÇΓöÇΓöÇΓöÇΓöÇΓöÇΓöÇΓöÇΓöÇΓöÇΓöÇΓöÇΓöÇΓöÇΓöÇΓöÇΓöÇΓöÇΓöÇΓöÇΓöÇΓöÇΓöÇΓöÇΓöÇΓöÇΓöÇΓöÇΓöÇΓöÇΓöÇΓöÇ

    Error Context: test-results\Create_CA-test-chromium\error-context.md

  1 failed
    [chromium] ΓÇ║ Create_CA.test.js:9:5 ΓÇ║ test ΓöÇΓöÇΓöÇΓöÇΓöÇΓöÇΓöÇΓöÇΓöÇΓöÇΓöÇΓöÇΓöÇΓöÇΓöÇΓöÇΓöÇΓöÇΓöÇΓöÇΓöÇΓöÇΓöÇΓöÇΓöÇΓöÇΓöÇΓöÇΓöÇΓöÇΓöÇΓöÇΓöÇΓöÇΓöÇΓöÇΓöÇΓöÇΓöÇΓöÇΓöÇΓöÇΓöÇΓöÇΓöÇΓöÇΓöÇΓöÇΓöÇΓöÇΓöÇΓöÇΓöÇΓöÇ
≡ƒÄ¼ EmailReporter.onEnd() called
≡ƒôº SMTP Config: {
  host: 'smtp.donegalgroup.com',
  port: '25',
  from: 'automation@company.com',
  to: 'amitmishra@donegalgroup.com'
}
≡ƒÄ¿ HTML length: 936 characters
≡ƒô¿ Subject: Γ¥î FAILED - WB Smoke Test Report - Policy: N/A
Γ£ö Email report sent successfully via internal relay.
